Loading the project:
[LIBADALANG.GPR2_PROVIDER] Trying to partition AP1
   [LIBADALANG.GPR2_PROVIDER] Found conflicting source files for unit P1 in P3 and <P1, P2>
[LIBADALANG.GPR2_PROVIDER] Input project partitionned into:
   [LIBADALANG.GPR2_PROVIDER] Part 1: <P1, P2>
   [LIBADALANG.GPR2_PROVIDER] Part 2: <P3>
  * P1 P2
  * P3

<DottedName p2.ads:4:24-4:28> resolves to <ObjectDecl ["I"] p1.ads:2:4-2:16>
Done.
